  console.error
    sendMessage failed: TypeError: Cannot read properties of undefined (reading 'slice')
        at sendMessage (C:\Users\vishal sanam\Downloads\Smart Thing\src\services\message.service.js:57:37)
        at Object.<anonymous> (C:\Users\vishal sanam\Downloads\Smart Thing\src\__tests__\simple.test.js:32:13)

    [0m [90m 32 |[39m             [36mawait[39m sendMessage([32m'ws1'[39m[33m,[39m [32m'ch1'[39m[33m,[39m [32m'u1'[39m[33m,[39m [32m'hello'[39m)[33m;[39m
     [90m 33 |[39m         } [36mcatch[39m (err) {
    [31m[1m>[22m[39m[90m 34 |[39m             console[33m.[39merror([32m'sendMessage failed:'[39m[33m,[39m err)[33m;[39m
     [90m    |[39m                     [31m[1m^[22m[39m
     [90m 35 |[39m             [36mthrow[39m err[33m;[39m
     [90m 36 |[39m         }
     [90m 37 |[39m         expect(mockWs[33m.[39memitMessageCreated)[33m.[39mtoHaveBeenCalled()[33m;[39m[0m

      at Object.<anonymous> (src/__tests__/simple.test.js:34:21)

node : (node:9484) 
ExperimentalWarning: VM 
Modules is an 
experimental feature and 
might change at any time
At line:1 char:1
+ node --experimental-vm-
modules node_modules/jest
/bin/jest.js src/__te ...
+ ~~~~~~~~~~~~~~~~~~~~~~~
~~~~~~~~~~~~~~~~~~~~~~~~~
~~~~~~~~~~~~~~~~~~~~~
    + CategoryInfo       
       : NotSpecified:   
  ((node:9484) Exp...n   
 ge at any time:Strin    
g) [], RemoteExcepti    
on
    + FullyQualifiedErro 
   rId : NativeCommandE  
  rror
 
(Use `node 
--trace-warnings ...` to 
show where the warning 
was created)
FAIL src/__tests__/simple
.test.js
  Service Mock Test
    ├ù mock is injected 
into service (25 ms)

  ΓùÅ Service Mock Test 
ΓÇ║ mock is injected 
into service

    TypeError: Cannot 
read properties of 
undefined (reading 
'slice')

    [0m [90m 55 |[39m 
    [36mawait[39m [33m
Channel[39m[33m.[39mfi
ndByIdAndUpdate(channelId
[33m,[39m {
     [90m 56 |[39m     
    
lastMessageAt[33m:[39m 
     [36mnew[39m [33mD
ate[39m()[33m,[39m
    [31m[1m>[22m[39m
[90m 57 |[39m         la
stMessagePreview[33m:[3
9m content[33m.[39mslic
e([35m0[39m[33m,[39m 
[35m100[39m)[33m,[39m
     [90m    |[39m     
                         
       
[31m[1m^[22m[39m
     [90m 58 |[39m     
    $inc[33m:[39m { 
messageCount[33m:[39m 
[35m1[39m }[33m,[39m
     [90m 59 |[39m     
})[33m;[39m
     [90m 60 |[39m[0m

      at sendMessage (src
/services/message.service
.js:57:37)
      at 
Object.<anonymous> (src/_
_tests__/simple.test.js:3
2:13)

Test Suites: 1 failed, 1 
total
Tests:       1 failed, 1 
total
Snapshots:   0 total
Time:        1.255 s
Ran all test suites 
matching src/__tests__/si
mple.test.js.
